C51 COMPILER V8.08   MAIN                                                                  06/09/2019 20:12:42 PAGE 1   


C51 COMPILER V8.08, COMPILATION OF MODULE MAIN
OBJECT MODULE PLACED IN main.OBJ
COMPILER INVOKED BY: C:\Keil\C51\BIN\C51.EXE main.c BROWSE DEBUG OBJECTEXTEND

line level    source

   1          #include <REGX52.H>
   2          #define uint8_t unsigned char
   3          #define REST  0x00
   4          #define INCN  0x01
   5          #define NONE  0x02
   6          
   7          uint8_t seg[] = {0x18, 0x3f, 0x92, 0x13, 0x35, 0x51, 0x50, 0x3b, 0x10, 0x11};
   8          sfr     seg7  = 0xA0;
   9          sbit    seg1  = 0x87;
  10          sbit    seg2  = 0x86;
  11          sbit    k1    = 0x82;
  12          sbit    LED   = 0x85;
  13          sbit    k2    = 0x84;
  14          
  15          void delay(unsigned int time);
  16          void segDisplay(uint8_t *disNum);
  17          void ledDisplay(int period, uint8_t disNum);
  18          void ledDisplay2(int period, uint8_t disNum);
  19          void numInc(uint8_t *disNum);
  20          uint8_t low4B(uint8_t num);
  21          uint8_t high4B(uint8_t num);
  22          uint8_t readKey(void);
  23          
  24          void main()
  25          {
  26   1          uint8_t initDisplayNum = 0x00;
  27   1          LED = 1;
  28   1          while (1)
  29   1          {
  30   2                  segDisplay(&initDisplayNum);
  31   2          }
  32   1      }
  33          void ledDisplay(int period, uint8_t disNum)
  34          {
  35   1          static int brightNess = 0;
  36   1          int i;
  37   1          
  38   1          if(disNum > brightNess) brightNess++;
  39   1          else if (brightNess == 0) brightNess = 0;
  40   1          else brightNess--;
  41   1      
  42   1          for(i = 0; i < period; i++)
  43   1          {
  44   2              if (i > brightNess)
  45   2              {
  46   3                  LED = 1;
  47   3              }
  48   2              else
  49   2              {
  50   3                  LED = 0;
  51   3              }
  52   2          }
  53   1          LED = 1;    
  54   1      
  55   1      }
C51 COMPILER V8.08   MAIN                                                                  06/09/2019 20:12:42 PAGE 2   

  56          void ledDisplay2(int period, uint8_t disNum)
  57          {
  58   1          static int brightNess = 0;
  59   1          int i;
  60   1      
  61   1          if(disNum > brightNess) brightNess++;
  62   1          else if (disNum == 0) brightNess = 0;
  63   1          else brightNess--;
  64   1      
  65   1          for(i = 200; i < 200+period; i++)
  66   1          {
  67   2              if (i > brightNess)
  68   2              {
  69   3                  LED = 1;
  70   3              }
  71   2              else
  72   2              {
  73   3                  LED = 0;
  74   3              }
  75   2          }
  76   1          LED = 1;    
  77   1      
  78   1      }
  79          
  80          uint8_t readKey(void)
  81          {
  82   1          static uint8_t k1_press_time = 0;
  83   1          static uint8_t k2_press_time = 0;
  84   1          static uint8_t k1_last = 0;
  85   1          static uint8_t k2_last = 0;
  86   1          static bit toggle1 = 0;
  87   1          static bit toggle2 = 0;
  88   1          uint8_t key1;
  89   1          uint8_t key2;
  90   1      
  91   1          key1 = ~k1;
  92   1          key2 = ~k2;
  93   1      
  94   1          k1_press_time = k1_press_time * key1 + key1;
  95   1          k2_press_time = k2_press_time * key2 + key2;
  96   1      
  97   1      
  98   1          if(k1_last == 0 && key1 == 1)
  99   1          {
 100   2              toggle1 = 1;
 101   2          }
 102   1      
 103   1      
 104   1      
 105   1          if(k2_last == 0 && key2 == 1)
 106   1          {
 107   2              toggle2 = 1;
 108   2          }
 109   1          
 110   1      
 111   1          k1_last = key1;
 112   1          k2_last = key2;
 113   1      
 114   1      
 115   1          if(k1_press_time > 5 && toggle1)
 116   1          {
 117   2              k1_press_time = 0;
C51 COMPILER V8.08   MAIN                                                                  06/09/2019 20:12:42 PAGE 3   

 118   2              toggle1 = 0;
 119   2              return INCN;
 120   2          }
 121   1          else if(k2_press_time > 5 && toggle2)
 122   1          {
 123   2              k2_press_time = 0;
 124   2              toggle2 = 0;
 125   2              return REST;
 126   2          }
 127   1          else
 128   1          {
 129   2              return NONE;
 130   2          }
 131   1      }
 132          
 133          void delay(unsigned int time)
 134          {
 135   1          int i,j;
 136   1          for(i = 0; i < time; i++)
 137   1          {
 138   2              for(j = 0; j < i; j++)
 139   2              ;
 140   2          }
 141   1      }
 142          
 143          uint8_t low4B(uint8_t num)
 144          {
 145   1          return num & 0x0f;
 146   1      }
 147          
 148          uint8_t high4B(uint8_t num)
 149          {
 150   1          return (num & 0xf0) >> 4;
 151   1      }
 152          
 153          void segDisplay(uint8_t *disNum)
 154          {
 155   1          uint8_t keyStatus = NONE;
 156   1          seg1 = 0;
 157   1          seg2 = 1;
 158   1          seg7 = seg[low4B(*disNum)];
 159   1              //delay(5);
 160   1          ledDisplay(150, *disNum);
 161   1          seg7 = 0xff;
 162   1          seg1 = 1;
 163   1          seg2 = 0;
 164   1          seg7 = seg[high4B(*disNum)];  
 165   1              //delay(5); 
 166   1          ledDisplay2(150, *disNum);
 167   1          seg7 = 0xff;
 168   1          keyStatus = readKey();
 169   1          if(keyStatus == INCN)
 170   1          {
 171   2              numInc(disNum);
 172   2          }
 173   1          else if(keyStatus == REST)
 174   1          {
 175   2              *disNum = 0x00;
 176   2          }
 177   1          else
 178   1          {
 179   2              ;
C51 COMPILER V8.08   MAIN                                                                  06/09/2019 20:12:42 PAGE 4   

 180   2          }
 181   1          
 182   1      }
 183          void numInc(uint8_t *disNum)
 184          {
 185   1              if(low4B(*disNum) != 0x09)
 186   1              {
 187   2      
 188   2                      (*disNum)++;
 189   2              }       
 190   1              else if((*disNum) == 0x99)
 191   1              {
 192   2                      *disNum = 0x99;
 193   2              }
 194   1              else
 195   1              {
 196   2                      (*disNum) = (((high4B(*disNum)+1)<<4) & 0xf0);
 197   2              }
 198   1      }


MODULE INFORMATION:   STATIC OVERLAYABLE
   CODE SIZE        =    505    ----
   CONSTANT SIZE    =   ----    ----
   XDATA SIZE       =   ----    ----
   PDATA SIZE       =   ----    ----
   DATA SIZE        =     18       5
   IDATA SIZE       =   ----    ----
   BIT SIZE         =      2    ----
END OF MODULE INFORMATION.


C51 COMPILATION COMPLETE.  0 WARNING(S),  0 ERROR(S)
